[    0.000000] Booting Linux on physical CPU 0x0000000000 [0x410fd034]
[    0.000000] Linux version 5.15.163 (yocto@LAPTOP-A8C5L51J) (aarch64-none-linux-gnu-gcc (Arm GNU Toolchain 13.3.Rel1 (Build arm-13.24)) 13.3.1 20240614, GNU ld (Arm GNU Toolchain 13.3.Rel1 (Build arm-13.24)) 2.42.0.20240614) #1 SMP PREEMPT Sat Jul 26 00:02:03 PKT 2025
[    0.000000] Machine model: linux,dummy-virt
[    0.000000] efi: UEFI not found.
[    0.000000] NUMA: No NUMA configuration found
[    0.000000] NUMA: Faking a node at [mem 0x0000000040000000-0x000000004fffffff]
[    0.000000] NUMA: NODE_DATA [mem 0x4ff73c00-0x4ff75fff]
[    0.000000] Zone ranges:
[    0.000000]   DMA      [mem 0x0000000040000000-0x000000004fffffff]
[    0.000000]   DMA32    empty
[    0.000000]   Normal   empty
[    0.000000] Movable zone start for each node
[    0.000000] Early memory node ranges
[    0.000000]   node   0: [mem 0x0000000040000000-0x000000004fffffff]
[    0.000000] Initmem setup node 0 [mem 0x0000000040000000-0x000000004fffffff]
[    0.000000] cma: Reserved 32 MiB at 0x000000004d800000
[    0.000000] psci: probing for conduit method from DT.
[    0.000000] psci: PSCIv0.2 detected in firmware.
[    0.000000] psci: Using standard PSCI v0.2 function IDs
[    0.000000] psci: Trusted OS migration not required
[    0.000000] percpu: Embedded 20 pages/cpu s41560 r8192 d32168 u81920
[    0.000000] Detected VIPT I-cache on CPU0
[    0.000000] CPU features: kernel page table isolation forced ON by KASLR
[    0.000000] CPU features: detected: Kernel page table isolation (KPTI)
[    0.000000] CPU features: detected: ARM erratum 843419
[    0.000000] CPU features: detected: ARM erratum 845719
[    0.000000] Built 1 zonelists, mobility grouping on.  Total pages: 64512
[    0.000000] Policy zone: DMA
[    0.000000] Kernel command line: rdinit=/home/autorun-qemu.sh console=ttyAMA0
[    0.000000] Dentry cache hash table entries: 32768 (order: 6, 262144 bytes, linear)
[    0.000000] Inode-cache hash table entries: 16384 (order: 5, 131072 bytes, linear)
[    0.000000] mem auto-init: stack:all(zero), heap alloc:off, heap free:off
[    0.000000] Memory: 183836K/262144K available (15232K kernel code, 3090K rwdata, 8284K rodata, 6208K init, 497K bss, 45540K reserved, 32768K cma-reserved)
[    0.000000] SLUB: HWalign=64, Order=0-3, MinObjects=0, CPUs=1, Nodes=1
[    0.000000] rcu: Preemptible hierarchical RCU implementation.
[    0.000000] rcu: 	RCU event tracing is enabled.
[    0.000000] rcu: 	RCU restricting CPUs from NR_CPUS=256 to nr_cpu_ids=1.
[    0.000000] 	Trampoline variant of Tasks RCU enabled.
[    0.000000] rcu: RCU calculated value of scheduler-enlistment delay is 25 jiffies.
[    0.000000] rcu: Adjusting geometry for rcu_fanout_leaf=16, nr_cpu_ids=1
[    0.000000] NR_IRQS: 64, nr_irqs: 64, preallocated irqs: 0
[    0.000000] Root IRQ handler: gic_handle_irq
[    0.000000] GICv2m: range[mem 0x08020000-0x08020fff], SPI[80:143]
[    0.000000] arch_timer: cp15 timer(s) running at 62.50MHz (virt).
[    0.000000] clocksource: arch_sys_counter: mask: 0xffffffffffffff max_cycles: 0x1cd42e208c, max_idle_ns: 881590405314 ns
[    0.000122] sched_clock: 56 bits at 62MHz, resolution 16ns, wraps every 4398046511096ns
[    0.017652] Console: colour dummy device 80x25
[    0.022521] Calibrating delay loop (skipped), value calculated using timer frequency.. 125.00 BogoMIPS (lpj=250000)
[    0.022740] pid_max: default: 32768 minimum: 301
[    0.024050] LSM: Security Framework initializing
[    0.029230] Mount-cache hash table entries: 512 (order: 0, 4096 bytes, linear)
[    0.029327] Mountpoint-cache hash table entries: 512 (order: 0, 4096 bytes, linear)
[    0.077611] /cpus/cpu-map: empty cluster
[    0.093409] rcu: Hierarchical SRCU implementation.
[    0.099941] EFI services will not be available.
[    0.100823] smp: Bringing up secondary CPUs ...
[    0.100950] smp: Brought up 1 node, 1 CPU
[    0.101014] SMP: Total of 1 processors activated.
[    0.101107] CPU features: detected: 32-bit EL0 Support
[    0.101138] CPU features: detected: 32-bit EL1 Support
[    0.101214] CPU features: detected: CRC32 instructions
[    0.123057] CPU: All CPU(s) started at EL1
[    0.123840] alternatives: patching kernel code
[    0.151093] devtmpfs: initialized
[    0.163790] KASLR enabled
[    0.165678] clocksource: jiffies: mask: 0xffffffff max_cycles: 0xffffffff, max_idle_ns: 7645041785100000 ns
[    0.165981] futex hash table entries: 256 (order: 2, 16384 bytes, linear)
[    0.173411] pinctrl core: initialized pinctrl subsystem
[    0.192883] DMI not present or invalid.
[    0.202933] NET: Registered PF_NETLINK/PF_ROUTE protocol family
[    0.212262] DMA: preallocated 128 KiB GFP_KERNEL pool for atomic allocations
[    0.212662] DMA: preallocated 128 KiB GFP_KERNEL|GFP_DMA pool for atomic allocations
[    0.212856] DMA: preallocated 128 KiB GFP_KERNEL|GFP_DMA32 pool for atomic allocations
[    0.213093] audit: initializing netlink subsys (disabled)
[    0.218692] audit: type=2000 audit(0.188:1): state=initialized audit_enabled=0 res=1
[    0.220216] thermal_sys: Registered thermal governor 'step_wise'
[    0.220262] thermal_sys: Registered thermal governor 'power_allocator'
[    0.221752] cpuidle: using governor menu
[    0.226338] hw-breakpoint: found 6 breakpoint and 4 watchpoint registers.
[    0.226837] ASID allocator initialised with 32768 entries
[    0.231369] Serial: AMBA PL011 UART driver
[    0.273125] 9000000.pl011: ttyAMA0 at MMIO 0x9000000 (irq = 47, base_baud = 0) is a PL011 rev1
[    0.325778] printk: console [ttyAMA0] enabled
[    0.361494] HugeTLB registered 1.00 GiB page size, pre-allocated 0 pages
[    0.361853] HugeTLB registered 32.0 MiB page size, pre-allocated 0 pages
[    0.362445] HugeTLB registered 2.00 MiB page size, pre-allocated 0 pages
[    0.363330] HugeTLB registered 64.0 KiB page size, pre-allocated 0 pages
[    0.377687] cryptd: max_cpu_qlen set to 1000
[    0.389505] ACPI: Interpreter disabled.
[    0.394570] iommu: Default domain type: Translated 
[    0.394864] iommu: DMA domain TLB invalidation policy: strict mode 
[    0.396316] vgaarb: loaded
[    0.397772] SCSI subsystem initialized
[    0.400858] usbcore: registered new interface driver usbfs
[    0.401473] usbcore: registered new interface driver hub
[    0.403041] usbcore: registered new device driver usb
[    0.404833] pps_core: LinuxPPS API ver. 1 registered
[    0.405041] pps_core: Software ver. 5.3.6 - Copyright 2005-2007 Rodolfo Giometti <giometti@linux.it>
[    0.405729] PTP clock support registered
[    0.406868] EDAC MC: Ver: 3.0.0
[    0.414837] FPGA manager framework
[    0.417725] Advanced Linux Sound Architecture Driver Initialized.
[    0.439105] clocksource: Switched to clocksource arch_sys_counter
[    0.440613] VFS: Disk quotas dquot_6.6.0
[    0.440958] VFS: Dquot-cache hash table entries: 512 (order 0, 4096 bytes)
[    0.444695] pnp: PnP ACPI: disabled
[    0.464336] NET: Registered PF_INET protocol family
[    0.467612] IP idents hash table entries: 4096 (order: 3, 32768 bytes, linear)
[    0.475399] tcp_listen_portaddr_hash hash table entries: 256 (order: 0, 4096 bytes, linear)
[    0.477316] Table-perturb hash table entries: 65536 (order: 6, 262144 bytes, linear)
[    0.480600] TCP established hash table entries: 2048 (order: 2, 16384 bytes, linear)
[    0.482648] TCP bind hash table entries: 2048 (order: 3, 32768 bytes, linear)
[    0.484317] TCP: Hash tables configured (established 2048 bind 2048)
[    0.487850] UDP hash table entries: 256 (order: 1, 8192 bytes, linear)
[    0.489430] UDP-Lite hash table entries: 256 (order: 1, 8192 bytes, linear)
[    0.493171] NET: Registered PF_UNIX/PF_LOCAL protocol family
[    0.503776] RPC: Registered named UNIX socket transport module.
[    0.504593] RPC: Registered udp transport module.
[    0.505199] RPC: Registered tcp transport module.
[    0.505926] RPC: Registered tcp NFSv4.1 backchannel transport module.
[    0.507922] PCI: CLS 0 bytes, default 64
[    0.521126] Unpacking initramfs...
[    0.523785] hw perfevents: enabled with armv8_pmuv3 PMU driver, 5 counters available
[    0.525035] kvm [1]: HYP mode not available
[    0.593518] Initialise system trusted keyrings
[    0.603864] workingset: timestamp_bits=42 max_order=16 bucket_order=0
[    0.635494] squashfs: version 4.0 (2009/01/31) Phillip Lougher
[    0.640785] NFS: Registering the id_resolver key type
[    0.641430] Key type id_resolver registered
[    0.641800] Key type id_legacy registered
[    0.642899] nfs4filelayout_init: NFSv4 File Layout Driver Registering...
[    0.647405] nfs4flexfilelayout_init: NFSv4 Flexfile Layout Driver Registering...
[    0.649229] 9p: Installing v9fs 9p2000 file system support
[    0.735204] Key type asymmetric registered
[    0.736728] Asymmetric key parser 'x509' registered
[    0.738762] Block layer SCSI generic (bsg) driver version 0.4 loaded (major 245)
[    0.743406] io scheduler mq-deadline registered
[    0.743846] io scheduler kyber registered
[    0.791730] pl061_gpio 9030000.pl061: PL061 GPIO chip registered
[    0.798920] pci-host-generic 4010000000.pcie: host bridge /pcie@10000000 ranges:
[    0.804497] pci-host-generic 4010000000.pcie:       IO 0x003eff0000..0x003effffff -> 0x0000000000
[    0.805661] pci-host-generic 4010000000.pcie:      MEM 0x0010000000..0x003efeffff -> 0x0010000000
[    0.806522] pci-host-generic 4010000000.pcie:      MEM 0x8000000000..0xffffffffff -> 0x8000000000
[    0.816630] pci-host-generic 4010000000.pcie: Memory resource size exceeds max for 32 bits
[    0.818954] pci-host-generic 4010000000.pcie: ECAM at [mem 0x4010000000-0x401fffffff] for [bus 00-ff]
[    0.824937] pci-host-generic 4010000000.pcie: PCI host bridge to bus 0000:00
[    0.825684] pci_bus 0000:00: root bus resource [bus 00-ff]
[    0.826079] pci_bus 0000:00: root bus resource [io  0x0000-0xffff]
[    0.826523] pci_bus 0000:00: root bus resource [mem 0x10000000-0x3efeffff]
[    0.826900] pci_bus 0000:00: root bus resource [mem 0x8000000000-0xffffffffff]
[    0.833667] pci 0000:00:00.0: [1b36:0008] type 00 class 0x060000
[    0.850267] pci 0000:00:01.0: [1af4:1000] type 00 class 0x020000
[    0.855263] pci 0000:00:01.0: reg 0x10: [io  0x0000-0x001f]
[    0.856227] pci 0000:00:01.0: reg 0x14: [mem 0x00000000-0x00000fff]
[    0.857250] pci 0000:00:01.0: reg 0x20: [mem 0x00000000-0x00003fff 64bit pref]
[    0.863205] pci 0000:00:01.0: reg 0x30: [mem 0x00000000-0x0007ffff pref]
[    0.866876] pci 0000:00:01.0: BAR 6: assigned [mem 0x10000000-0x1007ffff pref]
[    0.875587] pci 0000:00:01.0: BAR 4: assigned [mem 0x8000000000-0x8000003fff 64bit pref]
[    0.877698] pci 0000:00:01.0: BAR 1: assigned [mem 0x10080000-0x10080fff]
[    0.878722] pci 0000:00:01.0: BAR 0: assigned [io  0x1000-0x101f]
[    0.892417] EINJ: ACPI disabled.
[    0.949259] virtio-pci 0000:00:01.0: enabling device (0000 -> 0003)
[    0.985163] Serial: 8250/16550 driver, 4 ports, IRQ sharing enabled
[    0.995164] SuperH (H)SCI(F) driver initialized
[    0.996589] msm_serial: driver initialized
[    1.010009] cacheinfo: Unable to detect cache hierarchy for CPU 0
[    1.095855] loop: module loaded
[    1.103480] megasas: 07.717.02.00-rc1
[    1.121848] physmap-flash 0.flash: physmap platform flash device: [mem 0x00000000-0x03ffffff]
[    1.130500] 0.flash: Found 2 x16 devices at 0x0 in 32-bit bank. Manufacturer ID 0x000000 Chip ID 0x000000
[    1.137553] Intel/Sharp Extended Query Table at 0x0031
[    1.151288] Using buffer write method
[    1.152705] physmap-flash 0.flash: physmap platform flash device: [mem 0x04000000-0x07ffffff]
[    1.157457] 0.flash: Found 2 x16 devices at 0x0 in 32-bit bank. Manufacturer ID 0x000000 Chip ID 0x000000
[    1.167401] Intel/Sharp Extended Query Table at 0x0031
[    1.170840] Using buffer write method
[    1.175303] Concatenating MTD devices:
[    1.175600] (0): "0.flash"
[    1.175775] (1): "0.flash"
[    1.176116] into device "0.flash"
[    1.270157] Freeing initrd memory: 5924K
[    1.447810] tun: Universal TUN/TAP device driver, 1.6
[    1.481176] thunder_xcv, ver 1.0
[    1.481629] thunder_bgx, ver 1.0
[    1.482376] nicpf, ver 1.0
[    1.487830] hns3: Hisilicon Ethernet Network Driver for Hip08 Family - version
[    1.488277] hns3: Copyright (c) 2017 Huawei Corporation.
[    1.489104] hclge is initializing
[    1.489573] e1000: Intel(R) PRO/1000 Network Driver
[    1.489931] e1000: Copyright (c) 1999-2006 Intel Corporation.
[    1.490643] e1000e: Intel(R) PRO/1000 Network Driver
[    1.490938] e1000e: Copyright(c) 1999 - 2015 Intel Corporation.
[    1.491698] igb: Intel(R) Gigabit Ethernet Network Driver
[    1.492048] igb: Copyright (c) 2007-2014 Intel Corporation.
[    1.492590] igbvf: Intel(R) Gigabit Virtual Function Network Driver
[    1.493020] igbvf: Copyright (c) 2009 - 2012 Intel Corporation.
[    1.494227] sky2: driver version 1.30
[    1.496841] VFIO - User Level meta-driver version: 0.3
[    1.503853] ehci_hcd: USB 2.0 'Enhanced' Host Controller (EHCI) Driver
[    1.505667] ehci-pci: EHCI PCI platform driver
[    1.506522] ehci-platform: EHCI generic platform driver
[    1.507327] ehci-orion: EHCI orion driver
[    1.507968] ehci-exynos: EHCI Exynos driver
[    1.508630] ohci_hcd: USB 1.1 'Open' Host Controller (OHCI) Driver
[    1.509470] ohci-pci: OHCI PCI platform driver
[    1.510268] ohci-platform: OHCI generic platform driver
[    1.510802] ohci-exynos: OHCI Exynos driver
[    1.512578] usbcore: registered new interface driver usb-storage
[    1.525137] rtc-pl031 9010000.pl031: registered as rtc0
[    1.526637] rtc-pl031 9010000.pl031: setting system clock to 2025-07-26T18:10:24 UTC (1753553424)
[    1.530380] i2c_dev: i2c /dev entries driver
[    1.542994] sdhci: Secure Digital Host Controller Interface driver
[    1.544867] sdhci: Copyright(c) Pierre Ossman
[    1.547213] Synopsys Designware Multimedia Card Interface Driver
[    1.550716] sdhci-pltfm: SDHCI platform and OF driver helper
[    1.556575] ledtrig-cpu: registered to indicate activity on CPUs
[    1.565435] usbcore: registered new interface driver usbhid
[    1.566409] usbhid: USB HID core driver
[    1.604673] NET: Registered PF_PACKET protocol family
[    1.612182] 9pnet: Installing 9P2000 support
[    1.613688] Key type dns_resolver registered
[    1.618005] Loading compiled-in X.509 certificates
[    1.679809] input: gpio-keys as /devices/platform/gpio-keys/input/input0
[    1.707543] clk: Disabling unused clocks
[    1.710750] ALSA device list:
[    1.718864]   No soundcards found.
[    1.736650] uart-pl011 9000000.pl011: no DMA platform data
[    1.800551] Freeing unused kernel memory: 6208K
[    1.804372] Run /home/autorun-qemu.sh as init process
Running test script
Using default value AELD_IS_FUN for string to write
Using default value 10 for number of files to write
Writing 10 files containing string AELD_IS_FUN to /tmp/aeld-data
/tmp/aeld-data created
Writing AELD_IS_FUN to /tmp/aeld-data/faizantariq3331.txt
Writing successWriting AELD_IS_FUN to /tmp/aeld-data/faizantariq3332.txt
Writing successWriting AELD_IS_FUN to /tmp/aeld-data/faizantariq3333.txt
Writing successWriting AELD_IS_FUN to /tmp/aeld-data/faizantariq3334.txt
Writing successWriting AELD_IS_FUN to /tmp/aeld-data/faizantariq3335.txt
Writing successWriting AELD_IS_FUN to /tmp/aeld-data/faizantariq3336.txt
Writing successWriting AELD_IS_FUN to /tmp/aeld-data/faizantariq3337.txt
Writing successWriting AELD_IS_FUN to /tmp/aeld-data/faizantariq3338.txt
Writing successWriting AELD_IS_FUN to /tmp/aeld-data/faizantariq3339.txt
Writing successWriting AELD_IS_FUN to /tmp/aeld-data/faizantariq33310.txt
Writing successThe number of files are 10 and the number of matching lines are 10
success
Completed with success!!
finder-app execution complete, dropping to terminal
/bin/sh: can't access tty; job control turned off
/home # QEMU: Terminated
